MongoMemoryServer started at: mongodb://127.0.0.1:63674/
Connecting to DB: mongodb://127.0.0.1:63674/
Your app is listening on port 3000
Running Tests...
Tests are not valid:
node : TypeError: fn is not a function
En línea: 1 Carácter: 1
+ node run-tests.js > test_output.txt 2>&1
+ ~~~~~~~~~~~~~~~~~~~~~~~~~~~~~~~~~~~~~~~~
    + CategoryInfo          : NotSpecified: (TypeError: fn is not a function:String) [], RemoteException
    + FullyQualifiedErrorId : NativeCommandError
 
    at exports.use 
(C:\Users\Usuario\.gemini\antigravity\scratch\stock-checker\node_modules\chai\lib\chai.js:39:5)
    at Object.<anonymous> 
(C:\Users\Usuario\.gemini\antigravity\scratch\stock-checker\tests\2_functional-tests.js:6:6)
    at Module._compile (node:internal/modules/cjs/loader:1761:14)
    at Object..js (node:internal/modules/cjs/loader:1893:10)
    at Module.load (node:internal/modules/cjs/loader:1481:32)
    at Module._load (node:internal/modules/cjs/loader:1300:12)
    at TracingChannel.traceSync (node:diagnostics_channel:328:14)
    at wrapModuleLoad (node:internal/modules/cjs/loader:245:24)
    at Module.require (node:internal/modules/cjs/loader:1504:12)
    at require (node:internal/modules/helpers:152:16)
Server process exited with code 1
